// Jest Snapshot v1, https://goo.gl/fbAQLP

exports[`Given a createGamePage component When it's instantiated Then it should match the screenshoot 1`] = `
Array [
  <section
    className="sc-gsnTZi cUELPY"
    data-testid="section"
  >
    <img
      alt="backgroundImage"
      className="hero__image"
      height="200px"
      src="/images/addGame.webp"
      width="100vw"
    />
    <div
      className="hero-container"
    >
      <p
        className="hero-container__sentence"
      >
        ”If our lives are already written, it would take a courageos man to chenge the script.” (Alan Wake)
      </p>
    </div>
  </section>,
  <section
    className="sc-dkzDqf mLREY"
  >
    <h2
      className="title"
    >
      Add New Game
    </h2>
    <form
      autoComplete="off"
      className="sc-bczRLJ hyDoqy"
      noValidate={true}
      onSubmit={[Function]}
    >
      <div
        className="input-container"
      >
        <label
          className="form__input-label"
          htmlFor="title"
        >
          Title
        </label>
        <input
          className="form__input-element"
          id="title"
          onChange={[Function]}
          placeholder="Assassins Creed 3"
          type="text"
          value=""
        />
      </div>
      <div
        className="input-container"
      >
        <label
          className="form__input-label"
          htmlFor="company"
        >
          Company
        </label>
        <input
          className="form__input-element"
          id="company"
          onChange={[Function]}
          placeholder="FromSoftware"
          type="text"
          value=""
        />
      </div>
      <div
        className="input-container"
      >
        <label
          className="form__input-label"
          htmlFor="category"
        >
          Category
        </label>
        <select
          className="form__input-element"
          id="category"
          onChange={[Function]}
        >
          <option>
            Adventure
          </option>
          <option>
            Shooter
          </option>
          <option>
            Strategy
          </option>
          <option>
            MOBA
          </option>
          <option>
            Shooter
          </option>
          <option>
            Platforms
          </option>
          <option>
            Simulator
          </option>
        </select>
      </div>
      <div
        className="input-container"
      >
        <label
          className="form__input-label"
          htmlFor="sinopsis"
        >
          Sinopsis
        </label>
        <textarea
          className="form__input-element"
          cols={20}
          id="sinopsis"
          onChange={[Function]}
          placeholder="Add a description of the game"
          rows={10}
        />
      </div>
      <div
        className="input-container"
      >
        <label
          className="form__input-label"
          htmlFor="image"
        >
          Image
        </label>
        <input
          className="form__input-element"
          id="image"
          onChange={[Function]}
          type="file"
          value=""
        />
      </div>
      <button
        className="form-button"
        disabled={true}
        type="submit"
      >
        Create
      </button>
    </form>
  </section>,
]
`;
